Command line invocation:
    /Applications/Xcode.app/Contents/Developer/usr/bin/xcodebuild build -project /Users/admin8/final/FitClient/FitClient.xcodeproj -scheme FitClient -destination id=992CC341-715B-47E0-9FA7-CAB1221AF102

ComputePackagePrebuildTargetDependencyGraph

Prepare packages

CreateBuildRequest

SendProjectDescription

CreateBuildOperation

ComputeTargetDependencyGraph
note: Building targets in dependency order
note: Target dependency graph (1 target)
    Target 'FitClient' in project 'FitClient' (no dependencies)

GatherProvisioningInputs

CreateBuildDescription

ExecuteExternalTool /Applications/Xcode.app/Contents/Developer/Toolchains/XcodeDefault.xctoolchain/usr/bin/clang -v -E -dM -isysroot /Applications/Xcode.app/Contents/Developer/Platforms/iPhoneSimulator.platform/Developer/SDKs/iPhoneSimulator18.4.sdk -x c -c /dev/null

ExecuteExternalTool /Applications/Xcode.app/Contents/Developer/usr/bin/ibtool --version --output-format xml1

ExecuteExternalTool /Applications/Xcode.app/Contents/Developer/usr/bin/actool --print-asset-tag-combinations --output-format xml1 /Users/admin8/final/FitClient/FitClient/Assets.xcassets

ExecuteExternalTool /Applications/Xcode.app/Contents/Developer/usr/bin/actool --version --output-format xml1

ExecuteExternalTool /Applications/Xcode.app/Contents/Developer/Toolchains/XcodeDefault.xctoolchain/usr/bin/swiftc --version

ExecuteExternalTool /Applications/Xcode.app/Contents/Developer/Toolchains/XcodeDefault.xctoolchain/usr/bin/ld -version_details

Build description signature: a5237ea7f4e835a19de5eb80fad87881
Build description path: /Users/admin8/Library/Developer/Xcode/DerivedData/FitClient-hfqameydoqizzshleagzwlxmxixv/Build/Intermediates.noindex/XCBuildData/a5237ea7f4e835a19de5eb80fad87881.xcbuilddata
ClangStatCache /Applications/Xcode.app/Contents/Developer/Toolchains/XcodeDefault.xctoolchain/usr/bin/clang-stat-cache /Applications/Xcode.app/Contents/Developer/Platforms/iPhoneSimulator.platform/Developer/SDKs/iPhoneSimulator18.4.sdk /Users/admin8/Library/Developer/Xcode/DerivedData/SDKStatCaches.noindex/iphonesimulator18.4-22E235-71825a6d136aa4733edcbe86ece5525b.sdkstatcache
    cd /Users/admin8/final/FitClient/FitClient.xcodeproj
    /Applications/Xcode.app/Contents/Developer/Toolchains/XcodeDefault.xctoolchain/usr/bin/clang-stat-cache /Applications/Xcode.app/Contents/Developer/Platforms/iPhoneSimulator.platform/Developer/SDKs/iPhoneSimulator18.4.sdk -o /Users/admin8/Library/Developer/Xcode/DerivedData/SDKStatCaches.noindex/iphonesimulator18.4-22E235-71825a6d136aa4733edcbe86ece5525b.sdkstatcache

WriteAuxiliaryFile /Users/admin8/Library/Developer/Xcode/DerivedData/FitClient-hfqameydoqizzshleagzwlxmxixv/Build/Intermediates.noindex/FitClient.build/Debug-iphonesimulator/FitClient.build/Objects-normal/arm64/FitClient.LinkFileList (in target 'FitClient' from project 'FitClient')
    cd /Users/admin8/final/FitClient
    write-file /Users/admin8/Library/Developer/Xcode/DerivedData/FitClient-hfqameydoqizzshleagzwlxmxixv/Build/Intermediates.noindex/FitClient.build/Debug-iphonesimulator/FitClient.build/Objects-normal/arm64/FitClient.LinkFileList

WriteAuxiliaryFile /Users/admin8/Library/Developer/Xcode/DerivedData/FitClient-hfqameydoqizzshleagzwlxmxixv/Build/Intermediates.noindex/FitClient.build/Debug-iphonesimulator/FitClient.build/Objects-normal/arm64/FitClient.SwiftConstValuesFileList (in target 'FitClient' from project 'FitClient')
    cd /Users/admin8/final/FitClient
    write-file /Users/admin8/Library/Developer/Xcode/DerivedData/FitClient-hfqameydoqizzshleagzwlxmxixv/Build/Intermediates.noindex/FitClient.build/Debug-iphonesimulator/FitClient.build/Objects-normal/arm64/FitClient.SwiftConstValuesFileList

WriteAuxiliaryFile /Users/admin8/Library/Developer/Xcode/DerivedData/FitClient-hfqameydoqizzshleagzwlxmxixv/Build/Intermediates.noindex/FitClient.build/Debug-iphonesimulator/FitClient.build/Objects-normal/arm64/FitClient.SwiftFileList (in target 'FitClient' from project 'FitClient')
    cd /Users/admin8/final/FitClient
    write-file /Users/admin8/Library/Developer/Xcode/DerivedData/FitClient-hfqameydoqizzshleagzwlxmxixv/Build/Intermediates.noindex/FitClient.build/Debug-iphonesimulator/FitClient.build/Objects-normal/arm64/FitClient.SwiftFileList

ProcessProductPackaging "" /Users/admin8/Library/Developer/Xcode/DerivedData/FitClient-hfqameydoqizzshleagzwlxmxixv/Build/Intermediates.noindex/FitClient.build/Debug-iphonesimulator/FitClient.build/FitClient.app-Simulated.xcent (in target 'FitClient' from project 'FitClient')
    cd /Users/admin8/final/FitClient
    
    Entitlements:
    
    {
    "application-identifier" = "KVHF8Y7S9W.com.fitbond.FitClient";
}
    
    builtin-productPackagingUtility -entitlements -format xml -o /Users/admin8/Library/Developer/Xcode/DerivedData/FitClient-hfqameydoqizzshleagzwlxmxixv/Build/Intermediates.noindex/FitClient.build/Debug-iphonesimulator/FitClient.build/FitClient.app-Simulated.xcent

ProcessProductPackagingDER /Users/admin8/Library/Developer/Xcode/DerivedData/FitClient-hfqameydoqizzshleagzwlxmxixv/Build/Intermediates.noindex/FitClient.build/Debug-iphonesimulator/FitClient.build/FitClient.app-Simulated.xcent /Users/admin8/Library/Developer/Xcode/DerivedData/FitClient-hfqameydoqizzshleagzwlxmxixv/Build/Intermediates.noindex/FitClient.build/Debug-iphonesimulator/FitClient.build/FitClient.app-Simulated.xcent.der (in target 'FitClient' from project 'FitClient')
    cd /Users/admin8/final/FitClient
    /usr/bin/derq query -f xml -i /Users/admin8/Library/Developer/Xcode/DerivedData/FitClient-hfqameydoqizzshleagzwlxmxixv/Build/Intermediates.noindex/FitClient.build/Debug-iphonesimulator/FitClient.build/FitClient.app-Simulated.xcent -o /Users/admin8/Library/Developer/Xcode/DerivedData/FitClient-hfqameydoqizzshleagzwlxmxixv/Build/Intermediates.noindex/FitClient.build/Debug-iphonesimulator/FitClient.build/FitClient.app-Simulated.xcent.der --raw

CompileAssetCatalogVariant thinned /Users/admin8/Library/Developer/Xcode/DerivedData/FitClient-hfqameydoqizzshleagzwlxmxixv/Build/Products/Debug-iphonesimulator/FitClient.app /Users/admin8/final/FitClient/FitClient/Assets.xcassets (in target 'FitClient' from project 'FitClient')
    cd /Users/admin8/final/FitClient
    /Applications/Xcode.app/Contents/Developer/usr/bin/actool /Users/admin8/final/FitClient/FitClient/Assets.xcassets --compile /Users/admin8/Library/Developer/Xcode/DerivedData/FitClient-hfqameydoqizzshleagzwlxmxixv/Build/Intermediates.noindex/FitClient.build/Debug-iphonesimulator/FitClient.build/assetcatalog_output/thinned --output-format human-readable-text --notices --warnings --export-dependency-info /Users/admin8/Library/Developer/Xcode/DerivedData/FitClient-hfqameydoqizzshleagzwlxmxixv/Build/Intermediates.noindex/FitClient.build/Debug-iphonesimulator/FitClient.build/assetcatalog_dependencies_thinned --output-partial-info-plist /Users/admin8/Library/Developer/Xcode/DerivedData/FitClient-hfqameydoqizzshleagzwlxmxixv/Build/Intermediates.noindex/FitClient.build/Debug-iphonesimulator/FitClient.build/assetcatalog_generated_info.plist_thinned --app-icon AppIcon --accent-color AccentColor --compress-pngs --enable-on-demand-resources YES --filter-for-thinning-device-configuration iPhone16,1 --filter-for-device-os-version 18.1 --development-region en --target-device iphone --target-device ipad --minimum-deployment-target 18.0 --platform iphonesimulator
