Server is running on http://localhost:3000
PrismaClientKnownRequestError: 
Invalid `prisma.scheduledTemplateExercise.create()` invocation in
/Users/admin8/final/FitClient/BACKEND/server.js:215:78

  212     return res.status(403).json({ error: 'Forbidden: You cannot modify this schedule.' });
  213 }
  214 
→ 215 const scheduledExercise = await prisma.scheduledTemplateExercise.create(
Foreign key constraint violated: `foreign key`
    at $n.handleRequestError (/Users/admin8/final/FitClient/BACKEND/node_modules/@prisma/client/runtime/library.js:121:7315)
    at $n.handleAndLogRequestError (/Users/admin8/final/FitClient/BACKEND/node_modules/@prisma/client/runtime/library.js:121:6623)
    at $n.request (/Users/admin8/final/FitClient/BACKEND/node_modules/@prisma/client/runtime/library.js:121:6307)
    at async l (/Users/admin8/final/FitClient/BACKEND/node_modules/@prisma/client/runtime/library.js:130:9633)
    at async /Users/admin8/final/FitClient/BACKEND/server.js:215:39 {
  code: 'P2003',
  clientVersion: '5.22.0',
  meta: { modelName: 'ScheduledTemplateExercise', field_name: 'foreign key' }
}
Server is running on http://localhost:3000
node:events:502
      throw er; // Unhandled 'error' event
      ^

Error: listen EADDRINUSE: address already in use :::3000
    at Server.setupListenHandle [as _listen2] (node:net:1937:16)
    at listenInCluster (node:net:1994:12)
    at Server.listen (node:net:2099:7)
    at Function.listen (/Users/admin8/final/FitClient/BACKEND/node_modules/express/lib/application.js:635:24)
    at Object.<anonymous> (/Users/admin8/final/FitClient/BACKEND/server.js:360:5)
    at Module._compile (node:internal/modules/cjs/loader:1562:14)
    at Object..js (node:internal/modules/cjs/loader:1699:10)
    at Module.load (node:internal/modules/cjs/loader:1313:32)
    at Function._load (node:internal/modules/cjs/loader:1123:12)
    at TracingChannel.traceSync (node:diagnostics_channel:322:14)
Emitted 'error' event on Server instance at:
    at emitErrorNT (node:net:1973:8)
    at process.processTicksAndRejections (node:internal/process/task_queues:90:21) {
  code: 'EADDRINUSE',
  errno: -48,
  syscall: 'listen',
  address: '::',
  port: 3000
}

Node.js v22.13.1
node:events:502
      throw er; // Unhandled 'error' event
      ^

Error: listen EADDRINUSE: address already in use :::3000
    at Server.setupListenHandle [as _listen2] (node:net:1937:16)
    at listenInCluster (node:net:1994:12)
    at Server.listen (node:net:2099:7)
    at Function.listen (/Users/admin8/final/FitClient/BACKEND/node_modules/express/lib/application.js:635:24)
    at Object.<anonymous> (/Users/admin8/final/FitClient/BACKEND/server.js:360:5)
    at Module._compile (node:internal/modules/cjs/loader:1562:14)
    at Object..js (node:internal/modules/cjs/loader:1699:10)
    at Module.load (node:internal/modules/cjs/loader:1313:32)
    at Function._load (node:internal/modules/cjs/loader:1123:12)
    at TracingChannel.traceSync (node:diagnostics_channel:322:14)
Emitted 'error' event on Server instance at:
    at emitErrorNT (node:net:1973:8)
    at process.processTicksAndRejections (node:internal/process/task_queues:90:21) {
  code: 'EADDRINUSE',
  errno: -48,
  syscall: 'listen',
  address: '::',
  port: 3000
}

Node.js v22.13.1
node:events:502
      throw er; // Unhandled 'error' event
      ^

Error: listen EADDRINUSE: address already in use :::3000
    at Server.setupListenHandle [as _listen2] (node:net:1937:16)
    at listenInCluster (node:net:1994:12)
    at Server.listen (node:net:2099:7)
    at Function.listen (/Users/admin8/final/FitClient/BACKEND/node_modules/express/lib/application.js:635:24)
    at Object.<anonymous> (/Users/admin8/final/FitClient/BACKEND/server.js:360:5)
    at Module._compile (node:internal/modules/cjs/loader:1562:14)
    at Object..js (node:internal/modules/cjs/loader:1699:10)
    at Module.load (node:internal/modules/cjs/loader:1313:32)
    at Function._load (node:internal/modules/cjs/loader:1123:12)
    at TracingChannel.traceSync (node:diagnostics_channel:322:14)
Emitted 'error' event on Server instance at:
    at emitErrorNT (node:net:1973:8)
    at process.processTicksAndRejections (node:internal/process/task_queues:90:21) {
  code: 'EADDRINUSE',
  errno: -48,
  syscall: 'listen',
  address: '::',
  port: 3000
}

Node.js v22.13.1
node:events:502
      throw er; // Unhandled 'error' event
      ^

Error: listen EADDRINUSE: address already in use :::3000
    at Server.setupListenHandle [as _listen2] (node:net:1937:16)
    at listenInCluster (node:net:1994:12)
    at Server.listen (node:net:2099:7)
    at Function.listen (/Users/admin8/final/FitClient/BACKEND/node_modules/express/lib/application.js:635:24)
    at Object.<anonymous> (/Users/admin8/final/FitClient/BACKEND/server.js:360:5)
    at Module._compile (node:internal/modules/cjs/loader:1562:14)
    at Object..js (node:internal/modules/cjs/loader:1699:10)
    at Module.load (node:internal/modules/cjs/loader:1313:32)
    at Function._load (node:internal/modules/cjs/loader:1123:12)
    at TracingChannel.traceSync (node:diagnostics_channel:322:14)
Emitted 'error' event on Server instance at:
    at emitErrorNT (node:net:1973:8)
    at process.processTicksAndRejections (node:internal/process/task_queues:90:21) {
  code: 'EADDRINUSE',
  errno: -48,
  syscall: 'listen',
  address: '::',
  port: 3000
}

Node.js v22.13.1
